// Jest Snapshot v1, https://goo.gl/fbAQLP

exports[`Reset password test suite should match component snapshot 1`] = `
<div>
  <form
    onSubmit={[Function]}
  >
    <div
      className="form-group"
    >
      <label
        className="text-dark"
        htmlFor="password"
      >
        New Password
      </label>
      <input
        className="form-control"
        name="password"
        onChange={[Function]}
        required={true}
        type="password"
        value={undefined}
      />
    </div>
    <div
      className="form-group"
    >
      <label
        className="text-dark"
        htmlFor="confirm-password"
      >
        Confirm New Password
      </label>
      <input
        className="form-control"
        name="confirmPassword"
        onChange={[Function]}
        required={true}
        type="password"
        value={undefined}
      />
    </div>
    <button
      className="btn btn-info"
      type="submit"
    >
      Reset Password
    </button>
  </form>
</div>
`;
