// Jest Snapshot v1, https://goo.gl/fbAQLP

exports[`Signup test actiomns should match component snapshot 1`] = `
<div>
  <form
    id="signup-form"
    onSubmit={[Function]}
  >
    <div
      className="form-group"
    >
      <input
        className="form-control form-control-lg"
        name="FullName"
        onChange={[Function]}
        placeholder="Full Name"
        required={true}
        type="text"
        value=""
      />
    </div>
    <div
      className="form-group"
    >
      <input
        className="form-control form-control-lg"
        name="UserName"
        onChange={[Function]}
        placeholder="Username"
        required={true}
        type="text"
        value=""
      />
    </div>
    <div
      className="form-group"
    >
      <input
        className="form-control form-control-lg"
        id="email"
        name="Email"
        onChange={[Function]}
        placeholder="Email"
        required={true}
        type="email"
        value=""
      />
    </div>
    <div
      className="form-group"
    >
      <input
        className="form-control form-control-lg"
        id="password"
        name="Password"
        onChange={[Function]}
        placeholder="Password"
        required={true}
        type="password"
        value=""
      />
    </div>
    <div
      className="form-group"
    >
      <input
        className="form-control form-control-lg"
        name="ConfirmPassword"
        onChange={[Function]}
        placeholder="Confirm Password"
        required={true}
        type="password"
        value=""
      />
    </div>
    <input
      className="btn btn-info btn-block"
      type="submit"
      value="Register"
    />
  </form>
</div>
`;
